=== quiet.120 (cols=120) ===

+-- execution plan: web > production
| * [1] dir > create web root (1 op)
| * [2] copy > deploy index page (2 ops)       <- [1]  ) "
| * [3] template > render vhost config (1 op)  <- [1]  )
| * [4] service > restart web server (1 op)    <- [2, 3]
+-#

=== quiet.44 (cols=44) ===

+-- execution plan: web > production
| * [1] dir (1 op)
| * [2] copy (2 ops)             <- [1]  ) "
| * [3] template (1 op)          <- [1]  )
| * [4] service (1 op)           <- [2, 3]
+-#

=== v.120 (cols=120) ===

+-- execution plan: web > production
| +-- [1] dir > create web root
| | `-step.dir
| #
| +-- [2] copy > deploy index page        <- [1]  ) "
| | `-step.copy-file                              )
| |   `-step.ensure-mode                          )
| #                                               )
| +-- [3] template > render vhost config  <- [1]  )
| | `-step.render-template                        )
| #                                               )
| +-- [4] service > restart web server    <- [2, 3]
| | `-step.service
| #
+-#

=== v.54 (cols=54) ===

+-- execution plan: web > production
| +-- [1] dir > create web root
| | `-step.dir
| #
| +-- [2] copy > deploy index page        <- [1]  ) "
| | `-step.copy-file                              )
| |   `-step.ensure-mode                          )
| #                                               )
| +-- [3] template > render vhost config  <- [1]  )
| | `-step.render-template                        )
| #                                               )
| +-- [4] service > restart web server    <- [2, 3]
| | `-step.service
| #
+-#

=== vv.120 (cols=120) ===

+-- execution plan: web > production
| +-- [1] dir > create web root
| | `-step.dir (ensure directory /var/www/site)
| #
| +-- [2] copy > deploy index page                                             <- [1]  ) "
| | `-step.copy-file (copy (inline) -> /var/www/site/index.html)                       )
| |   `-step.ensure-mode (ensure mode -rw-r--r-- on /var/www/site/index.html)          )
| #                                                                                    )
| +-- [3] template > render vhost config                                       <- [1]  )
| | `-step.render-template (render (inline) -> /etc/nginx/sites/site.conf)             )
| #                                                                                    )
| +-- [4] service > restart web server                                         <- [2, 3]
| | `-step.service (restart nginx)
| #
+-#

=== vv.80 (cols=80) ===

+-- execution plan: web > production
| +-- [1] dir > create web root
| | `-step.dir (ensure directory /var/www/site)
| #
| +-- [2] copy > deploy index page                                   <- [1]  ) "
| | `-step.copy-file (copy (inline) -> /var/www/site/index.html)             )
| |   `-step.ensure-mode (ensure mode -rw-r--…/www/site/index.html)          )
| #                                                                          )
| +-- [3] template > render vhost config                             <- [1]  )
| | `-step.render-template (render (inline) ->…inx/sites/site.conf)          )
| #                                                                          )
| +-- [4] service > restart web server                               <- [2, 3]
| | `-step.service (restart nginx)
| #
+-#

=== vv.60 (cols=60) ===

+-- execution plan: web > production
| +-- [1] dir > create web root
| | `-step.dir (ensure directory /var/www/site)
| #
| +-- [2] copy > deploy index page               <- [1]  ) "
| | `-step.copy-file (copy (inlin…e/index.html)          )
| |   `-step.ensure-mode (ensure mo…index.html)          )
| #                                                      )
| +-- [3] template > render vhost config         <- [1]  )
| | `-step.render-template (render (…site.conf)          )
| #                                                      )
| +-- [4] service > restart web server           <- [2, 3]
| | `-step.service (restart nginx)
| #
+-#

=== vv.46 (cols=46) ===

+-- execution plan: web > production
| +-- [1] dir
| | `-step.dir (ensure …www/site)
| #
| +-- [2] copy                     <- [1]  ) "
| | `-step.copy-file (copy….html)          )
| |   `-step.ensure-mode (en…tml)          )
| #                                        )
| +-- [3] template                 <- [1]  )
| | `-step.render-template (r…nf)          )
| #                                        )
| +-- [4] service                  <- [2, 3]
| | `-step.service (resta… nginx)
| #
+-#

=== vv.32 (cols=32) ===

+-- execution plan: web > production
| +-- [1] dir
| | `-step.dir (ens…/site)
| #
| +-- [2] copy              <- [1]  ) "
| | `-step.copy-file (…ml)          )
| |   `-step.ensure-mode            )
| #                                 )
| +-- [3] template          <- [1]  )
| | `-step.render-template          )
| #                                 )
| +-- [4] service           <- [2, 3]
| | `-step.service (r…inx)
| #
 ! terminal too narrow for the plan structure: need 39 columns, have 32
+-#

